// Jest Snapshot v1, https://goo.gl/fbAQLP

exports[`Server - e2e gets a single launch 1`] = `
Object {
  "data": Object {
    "launch": Object {
      "id": "30",
      "isBooked": false,
      "mission": Object {
        "name": "Thaicom 8",
      },
      "rocket": Object {
        "type": "FT",
      },
    },
  },
}
`;

exports[`Server - e2e gets list of launches 1`] = `
Object {
  "data": Object {
    "launches": Object {
      "cursor": "9",
      "launches": Array [
        Object {
          "mission": Object {
            "missionPatch": "https://images2.imgbox.com/52/09/eNvilptL_o.png",
            "name": "CRS-1",
          },
        },
      ],
    },
  },
}
`;
